
false.

L = [[1, 3, 2, 4], [1, 3, 4, 2]].

L = [[1], [2], [3, 4]].
